--------------------------------------------------------------------------------------------
      name:  <unnamed>
       log:  /Users/haleematoloyo/Downloads/ECON310_S2026/final_project/final_project.log
  log type:  text
 opened on:   3 May 2026, 23:01:52

. do "/var/folders/tl/gj914tgj6l72qdnf1ccs5w8h0000gn/T//SD02515.000000"

. global main "/Users/haleematoloyo/Downloads/ECON310_S2026/final_project"

. 
. use "$main/project_data/gdp_win_nfl.dta", clear

. 
. drop in 1
(1 observation deleted)

. 
. rename A year

. rename B bmorewinrt

. rename C pittswinrt

. rename D neworlwinrt

. rename E bmorepci

. rename F pittspci

. rename G neworlpci

. 
. destring, replace
year: all characters numeric; replaced as int
(1 missing value generated)
bmorewinrt: all characters numeric; replaced as long
(1 missing value generated)
pittswinrt: all characters numeric; replaced as double
(1 missing value generated)
neworlwinrt: all characters numeric; replaced as double
(2 missing values generated)
bmorepci: all characters numeric; replaced as double
(1 missing value generated)
pittspci: all characters numeric; replaced as double
(1 missing value generated)
neworlpci: all characters numeric; replaced as double
(1 missing value generated)
H: all characters numeric; replaced as long
(1 missing value generated)
I: all characters numeric; replaced as long
(1 missing value generated)
J: all characters numeric; replaced as long
(2 missing values generated)

. 
. twoway (scatter bmorepci bmorewinrt) (lfit bmorepci bmorewinrt)

. graph export "bmorepciwinrt.png", replace
file /Users/haleematoloyo/Downloads/bmorepciwinrt.png saved as PNG format

. 
. twoway (scatter pittspci pittswinrt) (lfit pittspci pittswinrt)

. graph export "pittspciwinrt.png", replace
file /Users/haleematoloyo/Downloads/pittspciwinrt.png saved as PNG format

. 
. twoway (scatter neworlpci neworlwinrt) (lfit neworlpci neworlwinrt)

. graph export "neworlpciwinrt.png", replace
file /Users/haleematoloyo/Downloads/neworlpciwinrt.png saved as PNG format

. 
. regress bmorepci bmorewinrt

      Source |       SS           df       MS      Number of obs   =        19
-------------+----------------------------------   F(1, 17)        =      0.36
       Model |  .008716988         1  .008716988   Prob > F        =    0.5566
    Residual |  .411938801        17  .024231694   R-squared       =    0.0207
-------------+----------------------------------   Adj R-squared   =   -0.0369
       Total |  .420655789        18  .023369766   Root MSE        =    .15567

------------------------------------------------------------------------------
    bmorepci | Coefficient  Std. err.      t    P>|t|     [95% conf. interval]
-------------+----------------------------------------------------------------
  bmorewinrt |   2.37e-09   3.95e-09     0.60   0.557    -5.96e-09    1.07e-08
       _cons |   .5092374   .1830132     2.78   0.013     .1231134    .8953614
------------------------------------------------------------------------------

. 
. regress pittspci pittswinrt

      Source |       SS           df       MS      Number of obs   =        19
-------------+----------------------------------   F(1, 17)        =      0.18
       Model |  .002023508         1  .002023508   Prob > F        =    0.6737
    Residual |  .187361649        17  .011021273   R-squared       =    0.0107
-------------+----------------------------------   Adj R-squared   =   -0.0475
       Total |  .189385158        18  .010521398   Root MSE        =    .10498

------------------------------------------------------------------------------
    pittspci | Coefficient  Std. err.      t    P>|t|     [95% conf. interval]
-------------+----------------------------------------------------------------
  pittswinrt |  -5.28e-08   1.23e-07    -0.43   0.674    -3.13e-07    2.07e-07
       _cons |   .6340014   .0331992    19.10   0.000     .5639573    .7040455
------------------------------------------------------------------------------

. 
. regress neworlpci neworlwinrt

      Source |       SS           df       MS      Number of obs   =        18
-------------+----------------------------------   F(1, 16)        =      0.08
       Model |   .00215667         1   .00215667   Prob > F        =    0.7760
    Residual |   .41217783        16  .025761114   R-squared       =    0.0052
-------------+----------------------------------   Adj R-squared   =   -0.0570
       Total |    .4143345        17  .024372618   Root MSE        =     .1605

------------------------------------------------------------------------------
   neworlpci | Coefficient  Std. err.      t    P>|t|     [95% conf. interval]
-------------+----------------------------------------------------------------
 neworlwinrt |  -1.09e-06   3.77e-06    -0.29   0.776    -9.07e-06    6.89e-06
       _cons |   .6866214   .2920434     2.35   0.032     .0675171    1.305726
------------------------------------------------------------------------------

. 
. 
. 
. use "$main/project_data/pce_by_states.dta", clear

. 
. *tell stata that state_id identifies each state and year identifies the time period
. xtset state_id year

Panel variable: state_id (strongly balanced)
 Time variable: year, 2004 to 2024
         Delta: 1 unit

. 
. *to obtain scatterplot Y vs X1
. twoway scatter rec_pce_pctchange nfl_win, jitter(5) title("Recreational PCE Growth vs NFL 
> Win") xtitle("NFL Win (0=No, 1=Yes)") ytitle("Recreational PCE % Change")

. graph export "pce_vs_nfl_win.png"
file /Users/haleematoloyo/Downloads/pce_vs_nfl_win.png saved as PNG format

. 
. *to obtain scatterplot Y vs X2
. twoway scatter rec_pce_pctchange personal_income_millions, title("Recreational PCE Growth 
> vs Personal Income") xtitle("Personal Income (Millions $)") ytitle("Recreational PCE % Cha
> nge")

. graph export "pce_vs_pi.png"
file /Users/haleematoloyo/Downloads/pce_vs_pi.png saved as PNG format

. 
. *simple regression Y and X1
. reg rec_pce_pctchange nfl_win

      Source |       SS           df       MS      Number of obs   =     1,071
-------------+----------------------------------   F(1, 1069)      =      0.03
       Model |  1.29560351         1  1.29560351   Prob > F        =    0.8608
    Residual |  45043.6816     1,069  42.1362784   R-squared       =    0.0000
-------------+----------------------------------   Adj R-squared   =   -0.0009
       Total |  45044.9772     1,070  42.0981095   Root MSE        =    6.4912

------------------------------------------------------------------------------
rec_pce_pc~e | Coefficient  Std. err.      t    P>|t|     [95% conf. interval]
-------------+----------------------------------------------------------------
     nfl_win |   .2508572   1.430601     0.18   0.861    -2.556248    3.057962
       _cons |   4.544381   .2003242    22.69   0.000     4.151308    4.937454
------------------------------------------------------------------------------

. 
. *simple regresion Y and X2
. reg rec_pce_pctchange personal_income_millions

      Source |       SS           df       MS      Number of obs   =     1,071
-------------+----------------------------------   F(1, 1069)      =      6.37
       Model |  266.686183         1  266.686183   Prob > F        =    0.0118
    Residual |   44778.291     1,069  41.8880178   R-squared       =    0.0059
-------------+----------------------------------   Adj R-squared   =    0.0050
       Total |  45044.9772     1,070  42.0981095   Root MSE        =    6.4721

------------------------------------------------------------------------------------------
       rec_pce_pctchange | Coefficient  Std. err.      t    P>|t|     [95% conf. interval]
-------------------------+----------------------------------------------------------------
personal_income_millions |   1.25e-06   4.94e-07     2.52   0.012     2.77e-07    2.22e-06
                   _cons |   4.162385   .2502494    16.63   0.000     3.671349    4.653421
------------------------------------------------------------------------------------------

. 
. *multiple regression Y and X1 and X2
. reg rec_pce_pctchange nfl_win personal_income_millions i.year

      Source |       SS           df       MS      Number of obs   =     1,071
-------------+----------------------------------   F(22, 1048)     =    138.44
       Model |  33513.2954        22  1523.33161   Prob > F        =    0.0000
    Residual |  11531.6818     1,048  11.0035131   R-squared       =    0.7440
-------------+----------------------------------   Adj R-squared   =    0.7386
       Total |  45044.9772     1,070  42.0981095   Root MSE        =    3.3172

------------------------------------------------------------------------------------------
       rec_pce_pctchange | Coefficient  Std. err.      t    P>|t|     [95% conf. interval]
-------------------------+----------------------------------------------------------------
                 nfl_win |   .2101622   .7319715     0.29   0.774    -1.226134    1.646459
personal_income_millions |   2.90e-07   2.59e-07     1.12   0.264    -2.19e-07    7.99e-07
                         |
                    year |
                   2005  |  -2.630473      .6569    -4.00   0.000    -3.919462   -1.341484
                   2006  |  -3.775915   .6569268    -5.75   0.000    -5.064957   -2.486874
                   2007  |  -5.769712   .6569667    -8.78   0.000    -7.058832   -4.480592
                   2008  |  -12.80784   .6570092   -19.49   0.000    -14.09704   -11.51863
                   2009  |  -18.99008   .6569771   -28.91   0.000    -20.27922   -17.70094
                   2010  |  -10.86541   .6570212   -16.54   0.000    -12.15463   -9.576179
                   2011  |  -8.557916   .6571075   -13.02   0.000    -9.847312    -7.26852
                   2012  |  -8.369203   .6571932   -12.73   0.000    -9.658767   -7.079638
                   2013  |  -6.244608   .6572178    -9.50   0.000     -7.53422   -4.954995
                   2014  |  -7.313376   .6573419   -11.13   0.000    -8.603232    -6.02352
                   2015  |  -7.958467   .6574804   -12.10   0.000    -9.248595   -6.668339
                   2016  |  -5.492213   .6575735    -8.35   0.000    -6.782523   -4.201902
                   2017  |  -5.335828   .6577641    -8.11   0.000    -6.626513   -4.045144
                   2018  |  -3.889709    .658002    -5.91   0.000     -5.18086   -2.598557
                   2019  |  -5.159161    .658262    -7.84   0.000    -6.450822   -3.867499
                   2020  |   5.908169    .658707     8.97   0.000     4.615635    7.200704
                   2021  |   8.075968   .6594806    12.25   0.000     6.781915    9.370021
                   2022  |  -7.704257   .6597862   -11.68   0.000    -8.998909   -6.409604
                   2023  |  -5.539847   .6605072    -8.39   0.000    -6.835914    -4.24378
                   2024  |  -5.786566   .6612421    -8.75   0.000    -7.084075   -4.489057
                         |
                   _cons |    10.0841   .4674167    21.57   0.000     9.166922    11.00128
------------------------------------------------------------------------------------------

. 
. *to see correlation between Y X1 X2
. pwcorr rec_pce_pctchange nfl_win personal_income_millions

             | rec_pc~e  nfl_win person~s
-------------+---------------------------
rec_pce_pc~e |   1.0000 
     nfl_win |   0.0054   1.0000 
personal_i~s |   0.0769   0.0486   1.0000 

. 
. 
. 
. use "$main/project_data/bmore_gdp_growth.dta", clear

. append using "neworl_gdp_growth.dta"
(variable city was str9, now str11 to accommodate using data's values)

. 
. tab city

       city |      Freq.     Percent        Cum.
------------+-----------------------------------
  Baltimore |         24       50.00       50.00
New Orleans |         24       50.00      100.00
------------+-----------------------------------
      Total |         48      100.00

. 
. twoway (line growth year if city=="Baltimore") (line growth year if city=="New Orleans"), 
> xline(2013) title("Real GDP Growth Before and After the 2013 Super Bowl") subtitle("Baltim
> ore won; New Orleans hosted") ytitle("Real GDP Growth (%)") xtitle("Year") legend(label(1 
> "Baltimore") label(2 "New Orleans"))

. graph export "bmorevsneworl_gdp_growth.png",replace
file /Users/haleematoloyo/Downloads/bmorevsneworl_gdp_growth.png saved as PNG format

. 
. 
. 
. use "$main/project_data/mar_stocks.dta", clear

. 
. drop in 3
(1 observation deleted)

. 
. destring open volume, replace ignore(",")
open: all characters numeric; replaced as double
volume: character , removed; replaced as long

. 
. gen date2 = daily(date, "DM20Y")

. format date2 %td

. drop date

. rename date2 date

. tsset date

Time variable: date, 03jan2013 to 01mar2013, but with gaps
        Delta: 1 day

. 
. gen mar_return = (close - L.close)/L.close
(9 missing values generated)

. gen volatility = high - low

. gen event_day = daily("03feb2013","DMY")

. gen days_from_event = date - event_day

. gen post = days_from_event > 0

. gen event_window = abs(days_from_event) <= 5

. 
. label define postlbl 0 "Pre-SB" 1 "Post-SB"

. label values post postlbl

. 
. summarize mar_return volume volatility

    Variable |        Obs        Mean    Std. dev.       Min        Max
-------------+---------------------------------------------------------
  mar_return |         31    .0015951    .0093548  -.0271859   .0199844
      volume |         40     2197288      816330     863200    4131200
  volatility |         40    .5680002    .2455052   .2999992       1.48

. 
. ttest mar_return, by(post)

Two-sample t test with equal variances
------------------------------------------------------------------------------
   Group |     Obs        Mean    Std. err.   Std. dev.   [95% conf. interval]
---------+--------------------------------------------------------------------
  Pre-SB |      16    .0016894    .0016665    .0066661   -.0018627    .0052415
 Post-SB |      15    .0014945    .0030539    .0118277   -.0050555    .0080445
---------+--------------------------------------------------------------------
Combined |      31    .0015951    .0016802    .0093548   -.0018363    .0050265
---------+--------------------------------------------------------------------
    diff |            .0001949    .0034194               -.0067985    .0071883
------------------------------------------------------------------------------
    diff = mean(Pre-SB) - mean(Post-SB)                           t =   0.0570
H0: diff = 0                                     Degrees of freedom =       29

    Ha: diff < 0                 Ha: diff != 0                 Ha: diff > 0
 Pr(T < t) = 0.5225         Pr(|T| > |t|) = 0.9549          Pr(T > t) = 0.4775

. ttest volume, by(post)

Two-sample t test with equal variances
------------------------------------------------------------------------------
   Group |     Obs        Mean    Std. err.   Std. dev.   [95% conf. interval]
---------+--------------------------------------------------------------------
  Pre-SB |      21     2065333    157794.1    723103.4     1736181     2394486
 Post-SB |      19     2343132    207759.1    905600.9     1906646     2779617
---------+--------------------------------------------------------------------
Combined |      40     2197288    129073.1      816330     1936212     2458363
---------+--------------------------------------------------------------------
    diff |           -277798.2    257941.3               -799973.1    244376.6
------------------------------------------------------------------------------
    diff = mean(Pre-SB) - mean(Post-SB)                           t =  -1.0770
H0: diff = 0                                     Degrees of freedom =       38

    Ha: diff < 0                 Ha: diff != 0                 Ha: diff > 0
 Pr(T < t) = 0.1441         Pr(|T| > |t|) = 0.2883          Pr(T > t) = 0.8559

. ttest volatility, by(post)

Two-sample t test with equal variances
------------------------------------------------------------------------------
   Group |     Obs        Mean    Std. err.   Std. dev.   [95% conf. interval]
---------+--------------------------------------------------------------------
  Pre-SB |      21    .4800003    .0268327    .1229631    .4240281    .5359724
 Post-SB |      19    .6652633    .0706254    .3078488     .516885    .8136417
---------+--------------------------------------------------------------------
Combined |      40    .5680002    .0388178    .2455052    .4894838    .6465166
---------+--------------------------------------------------------------------
    diff |           -.1852631    .0727886               -.3326158   -.0379103
------------------------------------------------------------------------------
    diff = mean(Pre-SB) - mean(Post-SB)                           t =  -2.5452
H0: diff = 0                                     Degrees of freedom =       38

    Ha: diff < 0                 Ha: diff != 0                 Ha: diff > 0
 Pr(T < t) = 0.0076         Pr(|T| > |t|) = 0.0151          Pr(T > t) = 0.9924

. 
. ttest mar_return if event_window==1, by(post)

Two-sample t test with equal variances
------------------------------------------------------------------------------
   Group |     Obs        Mean    Std. err.   Std. dev.   [95% conf. interval]
---------+--------------------------------------------------------------------
  Pre-SB |       4    .0011925    .0025961    .0051923   -.0070695    .0094546
 Post-SB |       4     .007495    .0048829    .0097658   -.0080445    .0230346
---------+--------------------------------------------------------------------
Combined |       8    .0043438    .0028235     .007986   -.0023327    .0110202
---------+--------------------------------------------------------------------
    diff |           -.0063025    .0055301               -.0198343    .0072293
------------------------------------------------------------------------------
    diff = mean(Pre-SB) - mean(Post-SB)                           t =  -1.1397
H0: diff = 0                                     Degrees of freedom =        6

    Ha: diff < 0                 Ha: diff != 0                 Ha: diff > 0
 Pr(T < t) = 0.1489         Pr(|T| > |t|) = 0.2979          Pr(T > t) = 0.8511

. ttest volume if event_window==1, by(post)

Two-sample t test with equal variances
------------------------------------------------------------------------------
   Group |     Obs        Mean    Std. err.   Std. dev.   [95% conf. interval]
---------+--------------------------------------------------------------------
  Pre-SB |       4     2243425    151803.4    303606.8     1760319     2726531
 Post-SB |       5     2045940      125024    279562.3     1698818     2393062
---------+--------------------------------------------------------------------
Combined |       9     2133711     96883.3    290649.9     1910298     2357124
---------+--------------------------------------------------------------------
    diff |              197485    194612.5               -262700.5    657670.5
------------------------------------------------------------------------------
    diff = mean(Pre-SB) - mean(Post-SB)                           t =   1.0148
H0: diff = 0                                     Degrees of freedom =        7

    Ha: diff < 0                 Ha: diff != 0                 Ha: diff > 0
 Pr(T < t) = 0.8280         Pr(|T| > |t|) = 0.3440          Pr(T > t) = 0.1720

. ttest volatility if event_window==1, by(post)

Two-sample t test with equal variances
------------------------------------------------------------------------------
   Group |     Obs        Mean    Std. err.   Std. dev.   [95% conf. interval]
---------+--------------------------------------------------------------------
  Pre-SB |       4    .4300003    .0414325    .0828649    .2981437    .5618569
 Post-SB |       5    .5940002    .1018134    .2276617    .3113209    .8766795
---------+--------------------------------------------------------------------
Combined |       9    .5211114    .0632113    .1896339    .3753459    .6668769
---------+--------------------------------------------------------------------
    diff |           -.1639999    .1210452               -.4502264    .1222265
------------------------------------------------------------------------------
    diff = mean(Pre-SB) - mean(Post-SB)                           t =  -1.3549
H0: diff = 0                                     Degrees of freedom =        7

    Ha: diff < 0                 Ha: diff != 0                 Ha: diff > 0
 Pr(T < t) = 0.1088         Pr(|T| > |t|) = 0.2176          Pr(T > t) = 0.8912

. 
. reg mar_return post volume volatility

      Source |       SS           df       MS      Number of obs   =        31
-------------+----------------------------------   F(3, 27)        =      0.60
       Model |   .00016282         3  .000054273   Prob > F        =    0.6237
    Residual |  .002462568        27  .000091206   R-squared       =    0.0620
-------------+----------------------------------   Adj R-squared   =   -0.0422
       Total |  .002625388        30  .000087513   Root MSE        =    .00955

------------------------------------------------------------------------------
  mar_return | Coefficient  Std. err.      t    P>|t|     [95% conf. interval]
-------------+----------------------------------------------------------------
        post |   .0007561   .0038159     0.20   0.844    -.0070734    .0085857
      volume |  -3.60e-09   2.94e-09    -1.22   0.232    -9.64e-09    2.44e-09
  volatility |   .0009611   .0094296     0.10   0.920    -.0183869     .020309
       _cons |   .0082745   .0058199     1.42   0.167     -.003667     .020216
------------------------------------------------------------------------------

. reg volatility post volume

      Source |       SS           df       MS      Number of obs   =        40
-------------+----------------------------------   F(2, 37)        =      9.51
       Model |  .798027631         2  .399013815   Prob > F        =    0.0005
    Residual |  1.55261226        37  .041962494   R-squared       =    0.3395
-------------+----------------------------------   Adj R-squared   =    0.3038
       Total |  2.35063989        39  .060272818   Root MSE        =    .20485

------------------------------------------------------------------------------
  volatility | Coefficient  Std. err.      t    P>|t|     [95% conf. interval]
-------------+----------------------------------------------------------------
        post |   .1479224    .065842     2.25   0.031     .0145138     .281331
      volume |   1.34e-07   4.08e-08     3.30   0.002     5.18e-08    2.17e-07
       _cons |   .2023857   .0953713     2.12   0.041     .0091451    .3956262
------------------------------------------------------------------------------

. 
. twoway (line mar_return date if post==0, lcolor(navy)) (line mar_return date if post==1, l
> color(cranberry)), xline(19391, lcolor(black) lpattern(dash)) title("Daily MAR Returns") x
> title("Date") ytitle("Daily Return") yline(0, lcolor(gs10) lpattern(dot)) legend(order(1 "
> Pre-SB" 2 "Post-SB") pos(6) row(1)) name(g1, replace)

. graph export "MAR_Chart1.png", replace
file /Users/haleematoloyo/Downloads/MAR_Chart1.png saved as PNG format

. 
. twoway (bar volume date if post==0, fcolor(navy%60) lcolor(none)) (bar volume date if post
> ==1, fcolor(cranberry%60) lcolor(none)), xline(19391, lcolor(black) lpattern(dash)) title(
> "MAR Trading Volume") xtitle("Date") ytitle("Volume (shares)") legend(order(1 "Pre-SB" 2 "
> Post-SB") pos(6) row(1)) name(g2, replace)

. graph export "MAR_Chart2.png", replace
file /Users/haleematoloyo/Downloads/MAR_Chart2.png saved as PNG format

. 
. twoway (line volatility date if post==0, lcolor(navy)) (line volatility date if post==1, l
> color(cranberry)), xline(19391, lcolor(black) lpattern(dash)) title("MAR Intraday Volatili
> ty") xtitle("Date") ytitle("Volatility (High - Low)") legend(order(1 "Pre-SB" 2 "Post-SB")
>  pos(6) row(1)) name(g3, replace)

. graph export "MAR_Chart3.png", replace
file /Users/haleematoloyo/Downloads/MAR_Chart3.png saved as PNG format

. 
. graph box volatility, over(post) title("MAR Volatility: Pre vs Post Super Bowl") ytitle("V
> olatility (High - Low)") note("t-test: p = 0.015 (significant)") name(g4, replace)

. graph export "MAR_Chart4.png", replace
file /Users/haleematoloyo/Downloads/MAR_Chart4.png saved as PNG format

. 
. graph box mar_return, over(post) title("MAR Returns: Pre vs Post Super Bowl") ytitle("Dail
> y Return") note("t-test: p = 0.955 (not significant)") name(g5, replace)

. graph export "MAR_Chart5.png", replace
file /Users/haleematoloyo/Downloads/MAR_Chart5.png saved as PNG format

. 
. twoway (scatter mar_return volatility if post==0, mcolor(navy%70) msymbol(circle)) (scatte
> r mar_return volatility if post==1, mcolor(cranberry%70) msymbol(triangle)), title("MAR Re
> turns vs Volatility") xtitle("Volatility (High - Low)") ytitle("Daily Return") yline(0, lc
> olor(gs10) lpattern(dot)) legend(order(1 "Pre-SB" 2 "Post-SB") pos(6) row(1)) name(g6, rep
> lace)

. graph export "MAR_Chart6.png", replace
file /Users/haleematoloyo/Downloads/MAR_Chart6.png saved as PNG format

. 
. 
. 
. use "$main/project_data/luv_stocks.dta", clear

. 
. destring volume, replace ignore(",")
volume: character , removed; replaced as long

. gen date2 = daily(date, "DM20Y")

. format date2 %td

. drop date

. rename date2 date

. tsset date

Time variable: date, 03jan2013 to 01mar2013, but with gaps
        Delta: 1 day

. 
. gen luv_return = (close - L.close)/L.close
(9 missing values generated)

. gen volatility = high - low

. gen event_day = daily("03feb2013","DMY")

. gen days_from_event = date - event_day

. gen post = days_from_event > 0

. gen event_window = abs(days_from_event) <= 5

. 
. label define postlbl 0 "Pre-SB" 1 "Post-SB"

. label values post postlbl

. 
. summarize luv_return volume volatility

    Variable |        Obs        Mean    Std. dev.       Min        Max
-------------+---------------------------------------------------------
  luv_return |         31    .0032546    .0118904  -.0230769   .0368421
      volume |         40     7869465     2395476    3759900   1.38e+07
  volatility |         40       .2265    .0795678   .1199999   .4399996

. 
. ttest luv_return, by(post)

Two-sample t test with equal variances
------------------------------------------------------------------------------
   Group |     Obs        Mean    Std. err.   Std. dev.   [95% conf. interval]
---------+--------------------------------------------------------------------
  Pre-SB |      16    .0017896    .0023147    .0092587   -.0031441    .0067232
 Post-SB |      15    .0048173    .0037062    .0143542   -.0031318    .0127664
---------+--------------------------------------------------------------------
Combined |      31    .0032546    .0021356    .0118904   -.0011068     .007616
---------+--------------------------------------------------------------------
    diff |           -.0030277    .0043099               -.0118425     .005787
------------------------------------------------------------------------------
    diff = mean(Pre-SB) - mean(Post-SB)                           t =  -0.7025
H0: diff = 0                                     Degrees of freedom =       29

    Ha: diff < 0                 Ha: diff != 0                 Ha: diff > 0
 Pr(T < t) = 0.2440         Pr(|T| > |t|) = 0.4880          Pr(T > t) = 0.7560

. ttest volume, by(post)

Two-sample t test with equal variances
------------------------------------------------------------------------------
   Group |     Obs        Mean    Std. err.   Std. dev.   [95% conf. interval]
---------+--------------------------------------------------------------------
  Pre-SB |      21     9132843    453008.5     2075946     8187884    1.01e+07
 Post-SB |      19     6473100    442737.1     1929846     5542944     7403256
---------+--------------------------------------------------------------------
Combined |      40     7869465    378758.1     2395476     7103354     8635576
---------+--------------------------------------------------------------------
    diff |             2659743    635801.5                 1372630     3946856
------------------------------------------------------------------------------
    diff = mean(Pre-SB) - mean(Post-SB)                           t =   4.1833
H0: diff = 0                                     Degrees of freedom =       38

    Ha: diff < 0                 Ha: diff != 0                 Ha: diff > 0
 Pr(T < t) = 0.9999         Pr(|T| > |t|) = 0.0002          Pr(T > t) = 0.0001

. ttest volatility, by(post)

Two-sample t test with equal variances
------------------------------------------------------------------------------
   Group |     Obs        Mean    Std. err.   Std. dev.   [95% conf. interval]
---------+--------------------------------------------------------------------
  Pre-SB |      21    .2252383    .0157755    .0722925    .1923311    .2581455
 Post-SB |      19    .2278946    .0203992    .0889181    .1850374    .2707517
---------+--------------------------------------------------------------------
Combined |      40       .2265    .0125808    .0795678     .201053    .2519471
---------+--------------------------------------------------------------------
    diff |           -.0026563    .0255188               -.0543163    .0490037
------------------------------------------------------------------------------
    diff = mean(Pre-SB) - mean(Post-SB)                           t =  -0.1041
H0: diff = 0                                     Degrees of freedom =       38

    Ha: diff < 0                 Ha: diff != 0                 Ha: diff > 0
 Pr(T < t) = 0.4588         Pr(|T| > |t|) = 0.9176          Pr(T > t) = 0.5412

. 
. ttest luv_return if event_window==1, by(post)

Two-sample t test with equal variances
------------------------------------------------------------------------------
   Group |     Obs        Mean    Std. err.   Std. dev.   [95% conf. interval]
---------+--------------------------------------------------------------------
  Pre-SB |       4   -.0043944    .0024615     .004923    -.012228    .0034393
 Post-SB |       4    .0101465    .0032091    .0064182   -.0000663    .0203594
---------+--------------------------------------------------------------------
Combined |       8    .0028761    .0033251    .0094049   -.0049866    .0107388
---------+--------------------------------------------------------------------
    diff |           -.0145409    .0040444               -.0244373   -.0046445
------------------------------------------------------------------------------
    diff = mean(Pre-SB) - mean(Post-SB)                           t =  -3.5953
H0: diff = 0                                     Degrees of freedom =        6

    Ha: diff < 0                 Ha: diff != 0                 Ha: diff > 0
 Pr(T < t) = 0.0057         Pr(|T| > |t|) = 0.0114          Pr(T > t) = 0.9943

. ttest volume if event_window==1, by(post)

Two-sample t test with equal variances
------------------------------------------------------------------------------
   Group |     Obs        Mean    Std. err.   Std. dev.   [95% conf. interval]
---------+--------------------------------------------------------------------
  Pre-SB |       4     9521600    679485.4     1358971     7359174    1.17e+07
 Post-SB |       5     8624260    741065.3     1657072     6566733    1.07e+07
---------+--------------------------------------------------------------------
Combined |       9     9023078    504333.1     1512999     7860084    1.02e+07
---------+--------------------------------------------------------------------
    diff |              897340     1030657                -1539777     3334457
------------------------------------------------------------------------------
    diff = mean(Pre-SB) - mean(Post-SB)                           t =   0.8706
H0: diff = 0                                     Degrees of freedom =        7

    Ha: diff < 0                 Ha: diff != 0                 Ha: diff > 0
 Pr(T < t) = 0.7936         Pr(|T| > |t|) = 0.4128          Pr(T > t) = 0.2064

. ttest volatility if event_window==1, by(post)

Two-sample t test with equal variances
------------------------------------------------------------------------------
   Group |     Obs        Mean    Std. err.   Std. dev.   [95% conf. interval]
---------+--------------------------------------------------------------------
  Pre-SB |       4       .1975    .0160077    .0320155    .1465562    .2484438
 Post-SB |       5    .2199999    .0246983     .055227    .1514265    .2885733
---------+--------------------------------------------------------------------
Combined |       9    .2099999    .0150923     .045277    .1751969    .2448029
---------+--------------------------------------------------------------------
    diff |           -.0224999    .0313364               -.0965987    .0515989
------------------------------------------------------------------------------
    diff = mean(Pre-SB) - mean(Post-SB)                           t =  -0.7180
H0: diff = 0                                     Degrees of freedom =        7

    Ha: diff < 0                 Ha: diff != 0                 Ha: diff > 0
 Pr(T < t) = 0.2480         Pr(|T| > |t|) = 0.4960          Pr(T > t) = 0.7520

. 
. reg luv_return post volume volatility

      Source |       SS           df       MS      Number of obs   =        31
-------------+----------------------------------   F(3, 27)        =      1.24
       Model |  .000512802         3  .000170934   Prob > F        =    0.3154
    Residual |  .003728627        27  .000138097   R-squared       =    0.1209
-------------+----------------------------------   Adj R-squared   =    0.0232
       Total |  .004241429        30  .000141381   Root MSE        =    .01175

------------------------------------------------------------------------------
  luv_return | Coefficient  Std. err.      t    P>|t|     [95% conf. interval]
-------------+----------------------------------------------------------------
        post |   .0037744   .0056868     0.66   0.512    -.0078939    .0154428
      volume |   4.18e-10   1.19e-09     0.35   0.728    -2.02e-09    2.86e-09
  volatility |   .0521102   .0335872     1.55   0.132     -.016805    .1210254
       _cons |  -.0135283   .0117434    -1.15   0.259    -.0376238    .0105672
------------------------------------------------------------------------------

. reg volatility post volume

      Source |       SS           df       MS      Number of obs   =        40
-------------+----------------------------------   F(2, 37)        =      1.69
       Model |  .020706708         2  .010353354   Prob > F        =    0.1978
    Residual |  .226203673        37  .006113613   R-squared       =    0.0839
-------------+----------------------------------   Adj R-squared   =    0.0343
       Total |  .246910381        39  .006331035   Root MSE        =    .07819

------------------------------------------------------------------------------
  volatility | Coefficient  Std. err.      t    P>|t|     [95% conf. interval]
-------------+----------------------------------------------------------------
        post |   .0335227    .029919     1.12   0.270    -.0270989    .0941443
      volume |   1.16e-08   6.32e-09     1.84   0.074    -1.19e-09    2.44e-08
       _cons |   .1192514   .0601583     1.98   0.055     -.002641    .2411437
------------------------------------------------------------------------------

. 
. twoway (line luv_return date if post==0, lcolor(navy)) (line luv_return date if post==1, l
> color(cranberry)), xline(19391, lcolor(black) lpattern(dash)) title("Daily LUV Returns") x
> title("Date") ytitle("Daily Return") yline(0, lcolor(gs10) lpattern(dot)) legend(order(1 "
> Pre-SB" 2 "Post-SB") pos(6) row(1)) name(g1, replace)

. graph export "LUV_Chart1.png", replace
file /Users/haleematoloyo/Downloads/LUV_Chart1.png saved as PNG format

. 
. twoway (bar volume date if post==0, fcolor(navy%60) lcolor(none)) (bar volume date if post
> ==1, fcolor(cranberry%60) lcolor(none)), xline(19391, lcolor(black) lpattern(dash)) title(
> "LUV Trading Volume") xtitle("Date") ytitle("Volume (shares)") legend(order(1 "Pre-SB" 2 "
> Post-SB") pos(6) row(1)) name(g2, replace)

. graph export "LUV_Chart2.png", replace
file /Users/haleematoloyo/Downloads/LUV_Chart2.png saved as PNG format

. 
. twoway (line volatility date if post==0, lcolor(navy)) (line volatility date if post==1, l
> color(cranberry)), xline(19391, lcolor(black) lpattern(dash)) title("LUV Intraday Volatili
> ty") xtitle("Date") ytitle("Volatility (High - Low)") legend(order(1 "Pre-SB" 2 "Post-SB")
>  pos(6) row(1)) name(g3, replace)

. graph export "LUV_Chart3.png", replace
file /Users/haleematoloyo/Downloads/LUV_Chart3.png saved as PNG format

. 
. graph box volatility, over(post) title("LUV Volatility: Pre vs Post Super Bowl") ytitle("V
> olatility (High - Low)") note("t-test: p = 0.918 (not significant)") name(g4, replace)

. graph export "LUV_Chart4.png", replace
file /Users/haleematoloyo/Downloads/LUV_Chart4.png saved as PNG format

. 
. graph box luv_return, over(post) title("LUV Returns: Pre vs Post Super Bowl") ytitle("Dail
> y Return") note("t-test: p = 0.488 (not significant)") name(g5, replace)

. graph export "LUV_Chart5.png", replace
file /Users/haleematoloyo/Downloads/LUV_Chart5.png saved as PNG format

. 
. twoway (scatter luv_return volatility if post==0, mcolor(navy%70) msymbol(circle)) (scatte
> r luv_return volatility if post==1, mcolor(cranberry%70) msymbol(triangle)), title("LUV Re
> turns vs Volatility") xtitle("Volatility (High - Low)") ytitle("Daily Return") yline(0, lc
> olor(gs10) lpattern(dot)) legend(order(1 "Pre-SB" 2 "Post-SB") pos(6) row(1)) name(g6, rep
> lace)

. graph export "LUV_Chart6.png", replace
file /Users/haleematoloyo/Downloads/LUV_Chart6.png saved as PNG format

. 
. 
end of do-file

. do "/var/folders/tl/gj914tgj6l72qdnf1ccs5w8h0000gn/T//SD02515.000000"

. global main "/Users/haleematoloyo/Downloads/ECON310_S2026/final_project"

. 
. use "$main/project_data/gdp_win_nfl.dta", clear

. 
. drop in 1
(1 observation deleted)

. 
. rename A year

. rename B bmorewinrt

. rename C pittswinrt

. rename D neworlwinrt

. rename E bmorepci

. rename F pittspci

. rename G neworlpci

. 
end of do-file

. do "/var/folders/tl/gj914tgj6l72qdnf1ccs5w8h0000gn/T//SD02515.000000"

. global main "/Users/haleematoloyo/Downloads/ECON310_S2026/final_project"

. 
. use "$main/project_data/gdp_win_nfl.dta", clear

. 
. drop in 1
(1 observation deleted)

. 
. rename A year

. rename B bmoregdp

. rename C pittsgdp

. rename D neworlgdp

. rename E bmorewinrt

. rename F pittswinrt

. rename G neworlwinrt

. rename H bmorepci

. rename I pittspci

. rename J neworlpci

. 
. destring, replace
year: all characters numeric; replaced as int
(1 missing value generated)
bmoregdp: all characters numeric; replaced as long
(1 missing value generated)
pittsgdp: all characters numeric; replaced as double
(1 missing value generated)
neworlgdp: all characters numeric; replaced as double
(2 missing values generated)
bmorewinrt: all characters numeric; replaced as double
(1 missing value generated)
pittswinrt: all characters numeric; replaced as double
(1 missing value generated)
neworlwinrt: all characters numeric; replaced as double
(1 missing value generated)
bmorepci: all characters numeric; replaced as long
(1 missing value generated)
pittspci: all characters numeric; replaced as long
(1 missing value generated)
neworlpci: all characters numeric; replaced as long
(2 missing values generated)

. 
end of do-file

. do "/var/folders/tl/gj914tgj6l72qdnf1ccs5w8h0000gn/T//SD02515.000000"

. regress bmoregdp bmorewinrt

      Source |       SS           df       MS      Number of obs   =        19
-------------+----------------------------------   F(1, 17)        =      0.36
       Model |  3.2191e+13         1  3.2191e+13   Prob > F        =    0.5566
    Residual |  1.5213e+15        17  8.9485e+13   R-squared       =    0.0207
-------------+----------------------------------   Adj R-squared   =   -0.0369
       Total |  1.5534e+15        18  8.6302e+13   Root MSE        =    9.5e+06

------------------------------------------------------------------------------
    bmoregdp | Coefficient  Std. err.      t    P>|t|     [95% conf. interval]
-------------+----------------------------------------------------------------
  bmorewinrt |    8747904   1.46e+07     0.60   0.557    -2.20e+07    3.95e+07
       _cons |   4.01e+07    9255564     4.33   0.000     2.05e+07    5.96e+07
------------------------------------------------------------------------------

. regress bmoregdp bmorepci

      Source |       SS           df       MS      Number of obs   =        19
-------------+----------------------------------   F(1, 17)        =    877.09
       Model |  1.5239e+15         1  1.5239e+15   Prob > F        =    0.0000
    Residual |  2.9537e+13        17  1.7375e+12   R-squared       =    0.9810
-------------+----------------------------------   Adj R-squared   =    0.9799
       Total |  1.5534e+15        18  8.6302e+13   Root MSE        =    1.3e+06

------------------------------------------------------------------------------
    bmoregdp | Coefficient  Std. err.      t    P>|t|     [95% conf. interval]
-------------+----------------------------------------------------------------
    bmorepci |   834.1393    28.1654    29.62   0.000     774.7155    893.5631
       _cons |    6832759    1338460     5.10   0.000      4008855     9656663
------------------------------------------------------------------------------

. regress bmoregdp bmorewinrt bmorepci

      Source |       SS           df       MS      Number of obs   =        19
-------------+----------------------------------   F(2, 16)        =    414.46
       Model |  1.5240e+15         2  7.6201e+14   Prob > F        =    0.0000
    Residual |  2.9417e+13        16  1.8386e+12   R-squared       =    0.9811
-------------+----------------------------------   Adj R-squared   =    0.9787
       Total |  1.5534e+15        18  8.6302e+13   Root MSE        =    1.4e+06

------------------------------------------------------------------------------
    bmoregdp | Coefficient  Std. err.      t    P>|t|     [95% conf. interval]
-------------+----------------------------------------------------------------
  bmorewinrt |   538509.8    2110393     0.26   0.802     -3935324     5012344
    bmorepci |   833.1201   29.24734    28.49   0.000     771.1185    895.1217
       _cons |    6547735    1772966     3.69   0.002      2789216    1.03e+07
------------------------------------------------------------------------------

. regress bmoregdp bmorewinrt bmorepci c.bmorewinrt#c.bmorepci

      Source |       SS           df       MS      Number of obs   =        19
-------------+----------------------------------   F(3, 15)        =    261.10
       Model |  1.5243e+15         3  5.0808e+14   Prob > F        =    0.0000
    Residual |  2.9189e+13        15  1.9459e+12   R-squared       =    0.9812
-------------+----------------------------------   Adj R-squared   =    0.9775
       Total |  1.5534e+15        18  8.6302e+13   Root MSE        =    1.4e+06

-----------------------------------------------------------------------------------------
               bmoregdp | Coefficient  Std. err.      t    P>|t|     [95% conf. interval]
------------------------+----------------------------------------------------------------
             bmorewinrt |   -3048270   1.07e+07    -0.28   0.780    -2.59e+07    1.98e+07
               bmorepci |   777.5614   165.0375     4.71   0.000     425.7923     1129.33
                        |
c.bmorewinrt#c.bmorepci |   83.24114   243.1238     0.34   0.737    -434.9651    601.4473
                        |
                  _cons |    8937028    7212887     1.24   0.234     -6436876    2.43e+07
-----------------------------------------------------------------------------------------

. 
end of do-file

. log close
      name:  <unnamed>
       log:  /Users/haleematoloyo/Downloads/ECON310_S2026/final_project/final_project.log
  log type:  text
 closed on:   4 May 2026, 21:00:37
--------------------------------------------------------------------------------------------
